// Jest Snapshot v1, https://goo.gl/fbAQLP

exports[`<Item /> appearance renders the same each time 1`] = `
.css-0,
[data-css-0] {
  position: relative;
  box-sizing: border-box;
  float: left;
  margin: 0em;
  text-align: center;
  background-color: rgba(0, 0, 0, 0);
  color: white;
  width: undefinedundefined;
  height: undefinedundefined;
  line-height: undefinedundefined;
}

<div
  className="css-0"
  onClick={[Function]}
>
  3
</div>
`;
